<!DOCTYPE html>
<html>
  <body>
    <nav role="navigation">
      <ul>
        <li><a href="/">Home</a></li>
        <li><a href="/
products">Products</a></li>
      </ul>
    </nav>
    <main>
      <h1>Product Catalog</h1>
      <table>
        <colgroup>
          <col class="name" />
          <col class="price" />
          <col class="currency" />
          <col class="stock" />
        </colgroup>
        <thead>
          <tr>
            <th>Product</th>
            <th>Price</th>
            <th> Currency</th>
            <th>Stock</th>
          </tr>
        </thead>
        <tbody>
          <tr>
            <td>Widget A</td>
            <td> 19.99</td>
            <td>USD</td>
            <td>150</td>
          </tr>
          <tr>
            <td>Widget B</td>
            <td>29.99</td>
            <td>EUR</td>
            <td>75</td>
          </tr>
        </tbody>
      </table>
    </main>
    <aside role="
complementary">
      <h2>Special Offers</h2>
      <p>Check out our latest deals!</p>
      <table>
        <thead>
          <tr>
            <th class="product">Item</th>
            <th class="discount"> Discount</th>
            <th class="date">Valid Until</th>
          </tr>
        </thead>
        <tbody>
          <tr>
            <td> Premium Widget</td>
            <td>20%</td>
            <td>2024-12-31</td>
          </tr>
        </tbody>
      </table>
    </aside>
  </body>
</html>
