<!DOCTYPE html>
<html lang="en">
  <head>
    <meta charset="UTF-8" />
    <link rel="stylesheet" href="clock.css" />
    <link rel="stylesheet" href="colors.css" />
    <link rel="stylesheet" href="effects.css" />
    <link rel="stylesheet" href="font-families.css" />
    <link rel="stylesheet" href="font-variables.css" />
    <link rel="stylesheet" href="pygments.css" />
    <link rel="stylesheet" href="slides.css" />
    <link rel="stylesheet" href="terminal.css" />
    <script type="module" src="animation.mjs" />
    <script type="module" src="annotations.mjs" />
    <script type="module" src="balancetext.mjs" />
    <script type="module" src="case.mjs" />
    <script type="module" src="clapperboards.mjs" />
    <script type="module" src="clock.mjs" />
    <script type="module" src="effects.mjs" />
    <script type="module" src="extract-css.mjs" />
    <script type="module" src="key-value-store.mjs" />
    <script type="module" src="keypress.mjs" />
    <script type="module" src="logging.mjs" />
    <script type="module" src="onload.mjs" />
    <script type="module" src="optional-background.mjs" />
    <script type="module" src="scrolling.mjs" />
    <script type="module" src="sizing.mjs" />
    <script type="module" src="three-state-animation.mjs" />
    <script type="module" src="visning.mjs" />
    <script type="module" src="wait.mjs" />
    <link
      rel="icon"
      href="data:image/svg+xml,%3Csvg%20xmlns='http://www.w3.org/2000/svg'%20viewBox='0%200%2016%2016'%3E%3Ctext%20x='0'%20y='14'%3EðŸ¦„%3C/text%3E%3C/svg%3E"
      type="image/svg+xml"
    />
    <title>Title goes here</title>
  </head>
  <body class="visning-optional-background">
    <div id="clapperboard" />
    <article class="icon-on-left-container" style="--flair-color: #238bbf;">
      <header class="title">
        <h1>Title goes here</h1>
      </header>
      <div class="icon-on-left-icon-section">
        <img src="x-ray-primary-regular-alpha-512x512.png" alt="pizza" />
      </div>
      <div class="icon-on-left-content-section" id="wait-for-this-element">
        <section style="">
          <p>This XHTML document must have a section root element without attributes.</p>
          <p>The contents of the root section can be arbitrary XHTML elements, with a strong preference for:</p>
          <ul>
            <li>Semantic HTML elements such as this list</li>
            <li>Or <code>strong</code> and <code>em</code> tags <mark>inline tags</mark> for example.</li>
          </ul>
        </section>
      </div>
    </article>
    <div id="clock" />
    <script id="page-data-script">
      window.pageData = {
        "fragmentGroupIdBuildOrder": [],
        "showHtmlTimecode": false,
        "skipLastFragmentOutEvent": false
      }
    </script>
  </body>
</html>
