<!DOCTYPE html>
<div>
  <h3>Documentation</h3>
  <p>Here are some spaced examples:</p>
  <ul>
    <li>Installation: <code>   pip install markuplift   </code></li>
    <li>Basic <em>configuration</em> and setup</li>
    <li>Code example:
      <pre>    def format_xml():
        return "beautiful"
    </pre>
    </li>
  </ul>
</div>
