<!DOCTYPE html>
<article>
  <section>
    <pre id="code" class="code contain"><span /><span id="line-1"><span class="k">def</span><span class="w"> </span><span class="nf">nth_root</span><span class="p">(</span><span class="n">radicand</span><span class="p">,</span> <span class="n">n</span><span class="p">):</span>
</span>    <span id="line-2" class="fragment initial-highlighted-initial" data-fragment-group-id="single-return"><span class="k">return</span> <span class="n">radicand</span> <span class="o">**</span> <span class="p">(</span><span class="mi">1</span><span class="o">/</span><span class="n">n</span><span class="p">)</span>
</span><span id="line-3">
</span><span id="line-4">
</span><span id="line-5"><span class="k">def</span><span class="w"> </span><span class="nf">ordinal_suffix</span><span class="p">(</span><span class="n">value</span><span class="p">):</span>
</span>    <span id="line-6"><span class="n">s</span> <span class="o">=</span> <span class="nb">str</span><span class="p">(</span><span class="n">value</span><span class="p">)</span>
</span>    <span id="line-7"><span class="k">if</span> <span class="n">s</span><span class="o">.</span><span class="n">endswith</span><span class="p">(</span><span class="s1">'11'</span><span class="p">):</span>
</span>        <span id="line-8" class="fragment initial-highlighted-initial" data-fragment-group-id="multiple-return"><span class="k">return</span> <span class="s1">'th'</span>
</span>    <span id="line-9"><span class="k">elif</span> <span class="n">s</span><span class="o">.</span><span class="n">endswith</span><span class="p">(</span><span class="s1">'12'</span><span class="p">):</span>
</span>        <span id="line-10" class="fragment initial-highlighted-initial" data-fragment-group-id="multiple-return"><span class="k">return</span> <span class="s1">'th'</span>
</span>    <span id="line-11"><span class="k">elif</span> <span class="n">s</span><span class="o">.</span><span class="n">endswith</span><span class="p">(</span><span class="s1">'13'</span><span class="p">):</span>
</span>        <span id="line-12" class="fragment initial-highlighted-initial" data-fragment-group-id="multiple-return"><span class="k">return</span> <span class="s1">'th'</span>
</span></pre>
  </section>
</article>
