<div>
  <p style="color: red;">Simple (1 property)</p>
  <p style="color: blue; background: white;">Medium (2 properties)</p>
  <p style="&#10;    color: green;&#10;    background: black;&#10;    margin: 10px;&#10;    padding: 5px&#10;  ">Complex (4 properties)</p>
</div>
