<document>
  <metadata>
    <title>API Reference</title>
    <version>2.1</version>
  </metadata>
  <section>
    <paragraph>This API provides <emphasis>robust</emphasis> data
processing with <code>xml.parse()</code> methods.</paragraph>
    <code-block>
import xml.etree.ElementTree as ET
root = ET.parse('data.xml').getroot()
</code-block>
  </section>
</document>
