<div class="container">
  <p class="prose">Text content</p>
  <pre class="code-block">preserved code</pre>
</div>
