<!DOCTYPE html>
<article>
  <h1>Using Markuplift</h1>
  <section>
    <h2>Code Formatting</h2>
    <p>Here's how to use our API with proper spacing:</p>
    <pre><code>from markuplift import Formatter formatter = Formatter( preserve_whitespace=True )</code></pre>
    <p>The <em>preserve_whitespace</em> feature keeps code formatting intact while <strong>normalizing</strong> text content!</p>
  </section>
</article>
